{
 "tag": "Program",
 "module": {
  "tag": "ModuleDecl"
 },
 "decls": [{
   "tag": "FuncDecl",
   "flags": "(Closure|TopLevelDecl)",
   "overload": 0,
   "index": 0,
   "name": "__gen_var_0",
   "params": [{
     "tag": "FuncParam",
     "flags": "(Capture)",
     "name": "self",
     "index": 0
    }],
   "body": {
    "tag": "IntegerLit",
    "value": 1
   }
  }, {
   "tag": "FuncDecl",
   "flags": "(Closure|TopLevelDecl)",
   "overload": 0,
   "index": 0,
   "name": "__gen_var_1",
   "params": [{
     "tag": "FuncParam",
     "flags": "(Capture)",
     "name": "self",
     "index": 0
    }, {
     "tag": "FuncParam",
     "name": "name",
     "index": 0,
     "paramType": {
      "tag": "StringType",
      "flags": "(TypeAst)"
     }
    }],
   "body": {
    "tag": "BlockStmt",
    "stmts": [{
      "tag": "ReturnStmt",
      "expr": {
       "tag": "StringExpr",
       "parts": [{
         "tag": "StringLit",
         "value": "Hello "
        }, {
         "tag": "Path",
         "elements": [{
           "tag": "PathElem",
           "name": "name",
           "index": 0
          }],
         "isType": false
        }, {
         "tag": "StringLit",
         "value": ""
        }]
      }
     }]
   }
  }, {
   "tag": "FuncDecl",
   "flags": "(Closure|TopLevelDecl)",
   "overload": 0,
   "index": 0,
   "name": "__gen_var_2",
   "params": [{
     "tag": "FuncParam",
     "flags": "(Capture)",
     "name": "self",
     "index": 0
    }],
   "body": {
    "tag": "StringExpr",
    "parts": [{
      "tag": "StringLit",
      "value": ""
     }, {
      "tag": "Path",
      "flags": "(Capture)",
      "elements": [{
        "tag": "PathElem",
        "flags": "(Capture)",
        "name": "b",
        "index": 0
       }],
      "isType": false
     }, {
      "tag": "StringLit",
      "value": " -> "
     }, {
      "tag": "Path",
      "flags": "(Capture)",
      "elements": [{
        "tag": "PathElem",
        "flags": "(Capture)",
        "name": "x",
        "index": 1
       }],
      "isType": false
     }, {
      "tag": "StringLit",
      "value": ""
     }]
   }
  }, {
   "tag": "FuncDecl",
   "flags": "(TopLevelDecl)",
   "overload": 51,
   "index": 0,
   "name": "main",
   "params": [{
     "tag": "FuncParam",
     "name": "args",
     "index": 0,
     "paramType": {
      "tag": "ArrayType",
      "flags": "(TypeAst)",
      "element": {
       "tag": "StringType",
       "flags": "(TypeAst)"
      }
     }
    }],
   "body": {
    "tag": "BlockStmt",
    "stmts": [{
      "tag": "VarDecl",
      "flags": "(Const)",
      "names": [{
        "tag": "Identifier",
        "value": "one"
       }],
      "init": {
       "tag": "Path",
       "elements": [{
         "tag": "PathElem",
         "name": "__gen_var_0",
         "index": 0
        }],
       "isType": false
      }
     }, {
      "tag": "ExprStmt",
      "expr": {
       "tag": "CallExpr",
       "callee": {
        "tag": "Path",
        "flags": "(Const)",
        "elements": [{
          "tag": "PathElem",
          "flags": "(Const)",
          "name": "one",
          "index": 0
         }],
        "isType": false
       },
       "overload": 0
      }
     }, {
      "tag": "ExprStmt",
      "expr": {
       "tag": "CallExpr",
       "callee": {
        "tag": "GroupExpr",
        "expr": {
         "tag": "Path",
         "elements": [{
           "tag": "PathElem",
           "name": "__gen_var_1",
           "index": 0
          }],
         "isType": false
        }
       },
       "args": [{
         "tag": "StringLit",
         "value": "User"
        }],
       "overload": 0
      }
     }, {
      "tag": "VarDecl",
      "names": [{
        "tag": "Identifier",
        "value": "x"
       }],
      "init": {
       "tag": "IntegerLit",
       "value": 100
      }
     }, {
      "tag": "VarDecl",
      "names": [{
        "tag": "Identifier",
        "value": "b"
       }],
      "init": {
       "tag": "StringLit",
       "value": "Hello"
      }
     }, {
      "tag": "ExprStmt",
      "expr": {
       "tag": "CallExpr",
       "callee": {
        "tag": "GroupExpr",
        "expr": {
         "tag": "Path",
         "elements": [{
           "tag": "PathElem",
           "name": "__gen_var_2",
           "index": 0
          }],
         "isType": false
        }
       },
       "overload": 0
      }
     }]
   }
  }]
}
