{
 "tag": "Program",
 "decls": [{
   "tag": "FuncDecl",
   "flags": "(TopLevelDecl)",
   "overload": 51,
   "index": 0,
   "name": "main",
   "params": [{
     "tag": "FuncParam",
     "name": "args",
     "index": 0,
     "paramType": {
      "tag": "ArrayType",
      "flags": "(TypeAst)",
      "element": {
       "tag": "StringType",
       "flags": "(TypeAst)"
      }
     }
    }],
   "body": {
    "tag": "BlockStmt",
    "stmts": [{
      "tag": "ExprStmt",
      "expr": {
       "tag": "NullLit",
       "value": null
      }
     }, {
      "tag": "ExprStmt",
      "expr": {
       "tag": "BoolLit",
       "value": 1
      }
     }, {
      "tag": "ExprStmt",
      "expr": {
       "tag": "BoolLit",
       "value": 0
      }
     }, {
      "tag": "ExprStmt",
      "expr": {
       "tag": "CharLit",
       "value": 97
      }
     }, {
      "tag": "ExprStmt",
      "expr": {
       "tag": "CharLit",
       "value": 98
      }
     }, {
      "tag": "ExprStmt",
      "expr": {
       "tag": "CharLit",
       "value": 10
      }
     }, {
      "tag": "ExprStmt",
      "expr": {
       "tag": "CharLit",
       "value": 0
      }
     }, {
      "tag": "ExprStmt",
      "expr": {
       "tag": "CharLit",
       "value": 30028
      }
     }, {
      "tag": "ExprStmt",
      "expr": {
       "tag": "CharLit",
       "value": 128522
      }
     }, {
      "tag": "ExprStmt",
      "expr": {
       "tag": "IntegerLit",
       "value": 0
      }
     }, {
      "tag": "ExprStmt",
      "expr": {
       "tag": "IntegerLit",
       "value": 100
      }
     }, {
      "tag": "ExprStmt",
      "expr": {
       "tag": "IntegerLit",
       "value": -1
      }
     }, {
      "tag": "ExprStmt",
      "expr": {
       "tag": "UnaryExpr",
       "op": 24,
       "isPrefix": true,
       "lhs": {
        "tag": "IntegerLit",
        "value": 1
       }
      }
     }, {
      "tag": "ExprStmt",
      "expr": {
       "tag": "UnaryExpr",
       "op": 24,
       "isPrefix": true,
       "lhs": {
        "tag": "IntegerLit",
        "value": 2
       }
      }
     }, {
      "tag": "ExprStmt",
      "expr": {
       "tag": "UnaryExpr",
       "op": 24,
       "isPrefix": true,
       "lhs": {
        "tag": "IntegerLit",
        "value": 9223372036854775808
       }
      }
     }, {
      "tag": "ExprStmt",
      "expr": {
       "tag": "IntegerLit",
       "value": 4
      }
     }, {
      "tag": "ExprStmt",
      "expr": {
       "tag": "IntegerLit",
       "value": 10
      }
     }, {
      "tag": "ExprStmt",
      "expr": {
       "tag": "IntegerLit",
       "value": 511
      }
     }, {
      "tag": "ExprStmt",
      "expr": {
       "tag": "IntegerLit",
       "value": 1
      }
     }, {
      "tag": "ExprStmt",
      "expr": {
       "tag": "IntegerLit",
       "value": 89
      }
     }, {
      "tag": "ExprStmt",
      "expr": {
       "tag": "IntegerLit",
       "value": 10
      }
     }, {
      "tag": "ExprStmt",
      "expr": {
       "tag": "IntegerLit",
       "value": 255
      }
     }, {
      "tag": "ExprStmt",
      "expr": {
       "tag": "IntegerLit",
       "value": 16777215
      }
     }, {
      "tag": "ExprStmt",
      "expr": {
       "tag": "FloatLit",
       "value": 1.100000
      }
     }, {
      "tag": "ExprStmt",
      "expr": {
       "tag": "FloatLit",
       "value": 1
      }
     }, {
      "tag": "ExprStmt",
      "expr": {
       "tag": "FloatLit",
       "value": 1000000
      }
     }, {
      "tag": "ExprStmt",
      "expr": {
       "tag": "FloatLit",
       "value": 0.000019
      }
     }, {
      "tag": "ExprStmt",
      "expr": {
       "tag": "StringLit",
       "value": ""
      }
     }, {
      "tag": "ExprStmt",
      "expr": {
       "tag": "StringLit",
       "value": "Hello World"
      }
     }, {
      "tag": "ExprStmt",
      "expr": {
       "tag": "StringLit",
       "value": "Hello 世界"
      }
     }]
   }
  }]
}
