{
 "tag": "Program",
 "decls": [{
   "tag": "FuncDecl",
   "flags": "(TopLevelDecl)",
   "overload": 51,
   "index": 0,
   "name": "varargs",
   "params": [{
     "tag": "FuncParam",
     "flags": "(Variadic)",
     "name": "args",
     "index": 0,
     "paramType": {
      "tag": "AutoType",
      "flags": "(TypeAst)"
     }
    }],
   "body": {
    "tag": "BlockStmt"
   }
  }, {
   "tag": "FuncDecl",
   "flags": "(TopLevelDecl)",
   "overload": 51,
   "index": 0,
   "name": "add",
   "params": [{
     "tag": "FuncParam",
     "flags": "(Variadic)",
     "name": "nums",
     "index": 0,
     "paramType": {
      "tag": "PrimitiveType",
      "flags": "(TypeAst)",
      "prtId": 11
     }
    }],
   "body": {
    "tag": "BlockStmt",
    "stmts": [{
      "tag": "VarDecl",
      "names": [{
        "tag": "Identifier",
        "value": "sum"
       }],
      "varType": {
       "tag": "PrimitiveType",
       "flags": "(TypeAst)",
       "prtId": 11
      },
      "init": {
       "tag": "IntegerLit",
       "value": 0
      }
     }, {
      "tag": "VarDecl",
      "flags": "(Const|Comptime)",
      "names": [{
        "tag": "Identifier",
        "value": "i"
       }],
      "init": {
       "tag": "IntegerLit",
       "value": 0
      }
     }, {
      "tag": "ForStmt",
      "flags": "(Comptime)",
      "stmts": {
       "tag": "VarDecl",
       "flags": "(Const)",
       "names": [{
         "tag": "Identifier",
         "value": "num"
        }]
      },
      "range": {
       "tag": "Path",
       "flags": "(Comptime)",
       "elements": [{
         "tag": "PathElem",
         "name": "nums",
         "index": 0
        }, {
         "tag": "PathElem",
         "name": "Tinfo",
         "index": 0
        }],
       "isType": false
      },
      "body": {
       "tag": "BlockStmt",
       "stmts": [{
         "tag": "ExprStmt",
         "expr": {
          "tag": "AssignExpr",
          "op": 1,
          "lhs": {
           "tag": "Path",
           "elements": [{
             "tag": "PathElem",
             "name": "sum",
             "index": 0
            }],
           "isType": false
          },
          "rhs": {
           "tag": "Path",
           "elements": [{
             "tag": "PathElem",
             "name": "sum",
             "index": 0
            }],
           "isType": false
          }
         }
        }, {
         "tag": "ExprStmt",
         "expr": {
          "tag": "AssignExpr",
          "flags": "(Comptime)",
          "op": 1,
          "lhs": {
           "tag": "Path",
           "elements": [{
             "tag": "PathElem",
             "name": "i",
             "index": 0
            }],
           "isType": false
          },
          "rhs": {
           "tag": "Path",
           "elements": [{
             "tag": "PathElem",
             "name": "i",
             "index": 0
            }],
           "isType": false
          }
         }
        }]
      }
     }]
   }
  }, {
   "tag": "FuncDecl",
   "flags": "(TopLevelDecl)",
   "overload": 51,
   "index": 0,
   "name": "many",
   "params": [{
     "tag": "FuncParam",
     "name": "x",
     "index": 0,
     "paramType": {
      "tag": "PrimitiveType",
      "flags": "(TypeAst)",
      "prtId": 9
     }
    }, {
     "tag": "FuncParam",
     "flags": "(Variadic)",
     "name": "rest",
     "index": 0,
     "paramType": {
      "tag": "PrimitiveType",
      "flags": "(TypeAst)",
      "prtId": 11
     }
    }],
   "body": {
    "tag": "BlockStmt",
    "stmts": [{
      "tag": "ExprStmt",
      "expr": {
       "tag": "CallExpr",
       "callee": {
        "tag": "Path",
        "elements": [{
          "tag": "PathElem",
          "name": "add",
          "index": 0
         }],
        "isType": false
       },
       "args": [{
         "tag": "CastExpr",
         "to": {
          "tag": "PrimitiveType",
          "flags": "(TypeAst)",
          "prtId": 11
         },
         "exp": {
          "tag": "Path",
          "elements": [{
            "tag": "PathElem",
            "name": "x",
            "index": 0
           }],
          "isType": false
         }
        }, {
         "tag": "UnaryExpr",
         "op": 28,
         "isPrefix": true,
         "lhs": {
          "tag": "Path",
          "elements": [{
            "tag": "PathElem",
            "name": "rest",
            "index": 0
           }],
          "isType": false
         }
        }],
       "overload": 0
      }
     }]
   }
  }, {
   "tag": "FuncDecl",
   "flags": "(TopLevelDecl)",
   "overload": 51,
   "index": 0,
   "name": "main",
   "params": [{
     "tag": "FuncParam",
     "name": "args",
     "index": 0,
     "paramType": {
      "tag": "ArrayType",
      "flags": "(TypeAst)",
      "element": {
       "tag": "StringType",
       "flags": "(TypeAst)"
      }
     }
    }],
   "body": {
    "tag": "BlockStmt",
    "stmts": [{
      "tag": "ExprStmt",
      "expr": {
       "tag": "CallExpr",
       "callee": {
        "tag": "Path",
        "elements": [{
          "tag": "PathElem",
          "name": "varargs",
          "index": 0
         }],
        "isType": false
       },
       "args": [{
         "tag": "IntegerLit",
         "value": 10
        }, {
         "tag": "StringLit",
         "value": "Hello"
        }, {
         "tag": "CharLit",
         "value": 99
        }, {
         "tag": "FloatLit",
         "value": 2000.600000
        }],
       "overload": 0
      }
     }, {
      "tag": "ExprStmt",
      "expr": {
       "tag": "CallExpr",
       "callee": {
        "tag": "Path",
        "elements": [{
          "tag": "PathElem",
          "name": "many",
          "index": 0
         }],
        "isType": false
       },
       "args": [{
         "tag": "IntegerLit",
         "value": 10
        }, {
         "tag": "FloatLit",
         "value": 10
        }, {
         "tag": "FloatLit",
         "value": 100.600000
        }],
       "overload": 0
      }
     }]
   }
  }]
}
